Starting the Ralph loop for `light`. Let me run pre-flight checks first.

Issues 001 and 003 are `In Progress` from an interrupted run. Recovering by resetting to `Ready`. Let me read both issue files and check for subdirectory rule files.

Let me read the existing source files and clean up the interrupted worktrees.

Recovering from interrupted run. Cleaning up old worktrees and resetting issue statuses.

Good, old worktrees cleaned up. Now resetting both issues from `In Progress` to `Ready`, then immediately selecting them and setting back to `In Progress` for this iteration.

I introduced a duplicate `attempts` line. Let me fix that.

Now update the index to reflect `ready: 0` -> current state with 2 in progress.

**Iteration 1 - Selected Issues:**

| # | Title | Priority | Parallel? |
|---|-------|----------|-----------|
| 001 | Database schema, migrations, and RLS | 1 | Yes |
| 003 | Supabase auth clients and middleware | 1 | Yes |

**Step 2 - Shared Contract Analysis:**

These two issues are fully independent:
- **001** touches: `src/db/schema/index.ts`, `supabase/migrations/`, RLS SQL
- **003** touches: new `src/lib/supabase/` clients, new `src/middleware.ts`, `package.json` (`@supabase/ssr`)

No shared utilities needed. No overlapping files or interfaces. Proceeding to spawn.

Spawning two subagents in parallel - one per issue.

**Iteration 1 subagents spawned:**

| Agent | Issue | Working On |
|-------|-------|------------|
| agent-001 | #001 | Database schema, migrations, and RLS |
| agent-003 | #003 | Supabase auth clients and middleware |

Both agents are running in isolated worktrees. Waiting for them to complete before merging.



Agent 001 completed successfully. 40/40 tests passing, lint and typecheck clean. Waiting for agent 003 to finish before merging.

Both agents completed successfully. Proceeding to Step 4: Merge and Commit.

Merging in dependency order: issue 001 first, then issue 003. Let me first inspect what each branch changed.

Agents didn't commit (as instructed). Let me check the diff from each worktree.

Good. Now let me review the actual code from each worktree before merging, then copy files to main in order.

Now let me review the issue 003 worktree files.

Code looks solid for both issues. Merging to main in dependency order (001 first, then 003).

Now install the missing `@supabase/ssr` dependency.

Good. Now run all quality checks.

Tests (57/57) and typecheck pass. Lint errors are from leftover worktree copies of `button.tsx` (pre-existing issue), not our code. Let me clean up worktrees and re-run lint.

All quality checks pass:
- **Tests:** 57/57 passing (5 test files)
- **Typecheck:** Clean
- **Lint:** Clean

Now committing both issues.

Two logical groups, two commits per user's git rules.

Both commits clean. Moving to Step 5: Update statuses.

Now I need to:
1. Set 001 and 003 to `Done`
2. Scan blocked issues and unblock any whose dependencies are now all `Done`
3. Update the index

Let me check which blocked issues can be unblocked:
- **002** blocked by `001` -> 001 is Done -> **Unblock to Ready**
- **004** blocked by `003` -> 003 is Done -> **Unblock to Ready**
- **005** blocked by `003` -> 003 is Done -> **Unblock to Ready**
- **006** blocked by `001`, `005` -> 001 Done, 005 not Done -> stays Blocked
- **007** blocked by `001`, `005` -> 001 Done, 005 not Done -> stays Blocked
- All others still blocked

Now unblock issues 002, 004, and 005.

Now update `index.md` with the new statuses.

Step 6: Update progress log.

Now commit the status updates and progress log.

**Iteration 1 complete.** Checking stop condition: 2 Done, 3 Ready, 11 Blocked. Not all issues done, so the loop continues.

---

**Iteration 1 Summary:**

| Metric | Value |
|--------|-------|
| Issues completed | 001, 003 |
| Issues unblocked | 002, 004, 005 |
| Tests added | 57 (40 schema + 17 auth) |
| Commits | 3 |

**Current state:** 2 Done, 3 Ready (002, 004, 005), 11 Blocked

The loop should be re-invoked to pick up the next batch of Ready issues (002, 004, 005).

